


ARM Macro Assembler    Page 1 


    1 00000000                 AREA             mainarea,CODE
    2 00000000         
    3 00000000                 EXPORT           fib
    4 00000000                 IMPORT           report
    5 00000000         
    6 00000000         fib
    7 00000000 B538            STMFD            sp!, {r3, r4, r5, lr} ; Store l
                                                            ink register on sta
                                                            ck
    8 00000002         
    9 00000002 2802            CMP              r0, #2      ; Compare r0 with 2
                                                            . 
   10 00000004 D910            BLS              fib_base_case ; Branch if equal
                                                             or less than
   11 00000006         
   12 00000006 4604            MOV              r4, r0      ; Move current inde
                                                            x r0 into r4
   13 00000008         
   14 00000008 F1A4 0001       SUB              r0, r4, #1  ; r0 = r4 - 1 (n-1)
                                                            
   15 0000000C F7FF FFFE       BL               fib         ; Branch to fib wit
                                                            h (n-1)
   16 00000010 4605            MOV              r5, r0      ; Store (n-1) in r5
                                                            
   17 00000012         
   18 00000012 F1A4 0002       SUB              r0, r4, #2  ; r0 = r4 - 2 (n-2)
                                                            
   19 00000016 F7FF FFFE       BL               fib         ; Branch to fib wit
                                                            h (n-2)
   20 0000001A         
   21 0000001A EB00 0405       ADD              r4, r0, r5  ; r4 = r0 (n-2) + r
                                                            5 (n-1)
   22 0000001E         
   23 0000001E 4620            MOV              r0, r4      ; Move r4 to r0 for
                                                             the branch argumen
                                                            t
   24 00000020 F7FF FFFE       BL               report      ; Branch to C repor
                                                            t function to print
                                                             the current value 
                                                            of r0
   25 00000024 4620            MOV              r0, r4      ; Restore clobbered
                                                             r0 with r4 before 
                                                            returning
   26 00000026 BD38            LDMFD            sp!, {r3, r4, r5, pc} ; Retriev
                                                            e lr into pc, impli
                                                            cit return
   27 00000028         
   28 00000028         
   29 00000028         fib_base_case
   30 00000028 F04F 0001       MOV              r0, #1      ; If n <= 2, r0 is 
                                                            always 1
   31 0000002C BD38            LDMFD            sp!, {r3, r4, r5, pc} ; Restore
                                                             lr into pc and imp
                                                            licit return
   32 0000002E         
   33 0000002E                 END
Command Line: --debug --xref --diag_suppress=9931,A1950W --cpu=Cortex-M4.fp.sp 
--depend=.\objects\asm.d -o.\objects\asm.o -I.\RTE\_STM32F407_Flash -IC:\Keil_v
5\ARM\PACK\ARM\CMSIS\6.1.0\CMSIS\Core\Include -IC:\Keil_v5\ARM\PACK\Keil\STM32F



ARM Macro Assembler    Page 2 


4xx_DFP\2.17.1\Drivers\CMSIS\Device\ST\STM32F4xx\Include -IC:\Keil_v5\ARM\PACK\
Keil\STM32F4xx_DFP\3.0.0\Drivers\CMSIS\Device\ST\STM32F4xx\Include --predefine=
"__UVISION_VERSION SETA 541" --predefine="STM32F407xx SETA 1" --predefine="_RTE
_ SETA 1" --list=.\listings\asm.lst asm\asm.s



ARM Macro Assembler    Page 1 Alphabetic symbol ordering
Relocatable symbols

fib 00000000

Symbol: fib
   Definitions
      At line 6 in file asm\asm.s
   Uses
      At line 3 in file asm\asm.s
      At line 15 in file asm\asm.s
      At line 19 in file asm\asm.s

fib_base_case 00000028

Symbol: fib_base_case
   Definitions
      At line 29 in file asm\asm.s
   Uses
      At line 10 in file asm\asm.s
Comment: fib_base_case used once
mainarea 00000000

Symbol: mainarea
   Definitions
      At line 1 in file asm\asm.s
   Uses
      None
Comment: mainarea unused
3 symbols



ARM Macro Assembler    Page 1 Alphabetic symbol ordering
External symbols

report 00000000

Symbol: report
   Definitions
      At line 4 in file asm\asm.s
   Uses
      At line 24 in file asm\asm.s
Comment: report used once
1 symbol
338 symbols in table
